MPLINK 4.49, Linker
Linker Map File - Created Sun Nov 15 18:42:13 2020

                                 Section Info
                  Section       Type    Address   Location Size(Bytes)
                ---------  ---------  ---------  ---------  ---------
                   .org_0       code   0x000000    program   0x000000
                   .org_1       code   0x000000    program   0x000004
                   .org_2       code   0x000008    program   0x000002
                   .org_3       code   0x000018    program   0x0000f8



                              Program Memory Usage 
                               Start         End      
                           ---------   ---------      
                            0x000000    0x000003      
                            0x000008    0x000009      
                            0x000018    0x00010f      
            254 out of 33048 program addresses used, program memory utilization is 0%



                              Symbols - Sorted by Name
                     Name    Address   Location    Storage File                     
                ---------  ---------  ---------  --------- ---------                
                   again1   0x000076    program     static C:\Users\user\Documents\github folder\delay.asm
                   again2   0x00007a    program     static C:\Users\user\Documents\github folder\delay.asm
             delay5.8msec   0x000072    program     static C:\Users\user\Documents\github folder\delay.asm
                   offLED   0x00006e    program     static C:\Users\user\Documents\github folder\delay.asm
                    show5   0x000050    program     static C:\Users\user\Documents\github folder\delay.asm
                    show6   0x000042    program     static C:\Users\user\Documents\github folder\delay.asm
                    show8   0x00005c    program     static C:\Users\user\Documents\github folder\delay.asm
                    show9   0x000034    program     static C:\Users\user\Documents\github folder\delay.asm
                    showD   0x00001a    program     static C:\Users\user\Documents\github folder\delay.asm
                    showE   0x000028    program     static C:\Users\user\Documents\github folder\delay.asm
                    start   0x000094    program     static C:\Users\user\Documents\github folder\delay.asm



                              Symbols - Sorted by Address
                     Name    Address   Location    Storage File                     
                ---------  ---------  ---------  --------- ---------                
                    showD   0x00001a    program     static C:\Users\user\Documents\github folder\delay.asm
                    showE   0x000028    program     static C:\Users\user\Documents\github folder\delay.asm
                    show9   0x000034    program     static C:\Users\user\Documents\github folder\delay.asm
                    show6   0x000042    program     static C:\Users\user\Documents\github folder\delay.asm
                    show5   0x000050    program     static C:\Users\user\Documents\github folder\delay.asm
                    show8   0x00005c    program     static C:\Users\user\Documents\github folder\delay.asm
                   offLED   0x00006e    program     static C:\Users\user\Documents\github folder\delay.asm
             delay5.8msec   0x000072    program     static C:\Users\user\Documents\github folder\delay.asm
                   again1   0x000076    program     static C:\Users\user\Documents\github folder\delay.asm
                   again2   0x00007a    program     static C:\Users\user\Documents\github folder\delay.asm
                    start   0x000094    program     static C:\Users\user\Documents\github folder\delay.asm


